
   INFO  Server running on [http://127.0.0.1:8000].  

  Press Ctrl+C to stop the server

  2026-02-19 04:47:01 ........................................................................................... ~ 6s
  2026-02-19 04:48:35 ........................................................................................... ~ 0s
  2026-02-19 04:48:54 ........................................................................................... ~ 3s
  2026-02-19 04:48:54 ........................................................................................... ~ 4s
  2026-02-19 04:48:57 ........................................................................................... ~ 2s
  2026-02-19 04:48:58 ........................................................................................... ~ 2s
  2026-02-19 04:48:59 ........................................................................................... ~ 2s
  2026-02-19 04:49:00 ........................................................................................... ~ 2s
  2026-02-19 04:49:01 ........................................................................................... ~ 1s
  2026-02-19 04:49:02 ........................................................................................... ~ 1s
  2026-02-19 04:49:02 ........................................................................................... ~ 2s
  2026-02-19 04:49:03 ........................................................................................... ~ 2s
  2026-02-19 04:49:04 ........................................................................................... ~ 1s
  2026-02-19 04:49:05 ........................................................................................... ~ 1s
  2026-02-19 04:49:05 ........................................................................................... ~ 2s
  2026-02-19 04:49:06 ........................................................................................... ~ 2s
  2026-02-19 04:49:07 ........................................................................................... ~ 1s
  2026-02-19 04:49:08 ........................................................................................... ~ 1s
  2026-02-19 04:49:08 ........................................................................................... ~ 2s
  2026-02-19 04:49:09 ........................................................................................... ~ 2s
  2026-02-19 04:49:10 ........................................................................................... ~ 2s
  2026-02-19 04:49:11 ........................................................................................... ~ 2s
  2026-02-19 04:49:12 ........................................................................................... ~ 2s
  2026-02-19 04:50:53 ........................................................................................... ~ 8s
  2026-02-19 04:51:01 ........................................................................................... ~ 1s
  2026-02-19 04:52:40 ........................................................................................... ~ 1s
  2026-02-19 04:52:56 ........................................................................................... ~ 0s
  2026-02-19 04:52:56 ........................................................................................... ~ 1s
  2026-02-19 04:52:56 ........................................................................................... ~ 1s
  2026-02-19 04:52:57 ........................................................................................... ~ 1s
  2026-02-19 04:52:57 ........................................................................................... ~ 1s
  2026-02-19 04:52:58 ........................................................................................... ~ 1s
  2026-02-19 04:52:58 ........................................................................................... ~ 1s
  2026-02-19 04:52:59 ........................................................................................... ~ 1s
  2026-02-19 04:52:59 ........................................................................................... ~ 1s
  2026-02-19 04:52:59 /storage/site-settings/logo_1770992967.jpeg ............................................... ~ 1s
  2026-02-19 04:53:00 ........................................................................................... ~ 1s
  2026-02-19 04:53:00 ........................................................................................... ~ 2s
  2026-02-19 04:53:01 ........................................................................................... ~ 1s
  2026-02-19 04:53:02 ........................................................................................... ~ 1s
  2026-02-19 04:53:02 ........................................................................................... ~ 1s
  2026-02-19 04:53:03 ........................................................................................... ~ 1s
  2026-02-19 04:53:03 ........................................................................................... ~ 2s
  2026-02-19 04:53:04 ........................................................................................... ~ 1s
  2026-02-19 04:53:05 ........................................................................................... ~ 1s
  2026-02-19 04:52:59 /storage/service-cards/zDYpWCoNerZVRz3BqF6rO9F1WnIgJ1nKi31X80FT.png ....................... ~ 7s
  2026-02-19 04:53:05 ........................................................................................... ~ 1s
  2026-02-19 04:53:06 ........................................................................................... ~ 1s
  2026-02-19 04:53:06 /storage/service-cards/OPZu3s2KZ2jdCinvZwPMvgkQkuDkPhyC7Cn4iV3T.png ....................... ~ 1s
  2026-02-19 04:53:06 ........................................................................................... ~ 2s
  2026-02-19 04:53:06 /storage/about-section/fKT4Q8uO149Sms5X8fhHM6FuNvlVi4pHJyzrXQKu.jpg ....................... ~ 2s
  2026-02-19 04:53:07 ........................................................................................... ~ 3s
  2026-02-19 04:53:06 /storage/about-section/OPzq6ZcwcPFy3I1wZIS7KU1ugB9kfoVOAsQL9i15.jpg ....................... ~ 4s
  2026-02-19 04:53:08 ........................................................................................... ~ 2s
  2026-02-19 04:53:10 /storage/site-settings/favicon_1770993749.png ............................................. ~ 0s
  2026-02-19 04:53:10 /storage/reviews-section/q0276hPRyM2cHuyR3XyCG32d5fYY7gtVyuzepFSF.png ..................... ~ 0s
  2026-02-19 04:53:10 /storage/reviews-section/u0h61EYy0F44gqHvtnAnXgQ52IVIdfFssMER3RXi.png ..................... ~ 0s
  2026-02-19 04:53:10 /storage/home-page/JqaSb8FgKlfof8K8RYAg08qdM5qO4P1iv8c7aYF3.jpg ........................... ~ 0s
  2026-02-19 04:53:11 /storage/site-settings/favicon_1770993749.png ............................................. ~ 0s
  2026-02-19 04:53:11 /storage/reviews-section/SNR8Y8Z0ETfNmcIiG5QWpMYquQscuZsz7E1OsOcO.png ..................... ~ 0s
  2026-02-19 04:53:11 /storage/reviews-section/WUqQcMM35f3ZV4vWi07ZLDFYkMB6iTJUMz64SJhd.png ..................... ~ 0s
  2026-02-19 04:53:11 /storage/reviews/cyZo7oQ7Mv9lm41xhSQstrd6wAOXviHhZ9Q6wb5P.png ............................. ~ 0s
  2026-02-19 04:53:11 /storage/reviews/1SZp7OMXkdr0wLCVYjzHq8Ro3Fo6USI6iLlhR9Ie.png ............................. ~ 0s
  2026-02-19 04:53:11 /storage/portfolio-items/roSEXSdsPC3zTdnuloq9SfHjStpYahyFJXU9z8IM.jpg ..................... ~ 0s
  2026-02-19 04:53:11 /storage/portfolio-items/1Xw3Lv6VYlQ2Tj1DT4IU27KB2VKqAdFVZk3nvhmV.jpg ..................... ~ 0s
  2026-02-19 04:55:59 /storage/site-settings/logo_1770992967.jpeg ............................................... ~ 0s
  2026-02-19 04:55:59 ........................................................................................... ~ 1s
  2026-02-19 04:56:00 /storage/site-settings/favicon_1770993749.png ............................................. ~ 0s
  2026-02-19 04:56:00 ........................................................................................... ~ 5s
  2026-02-19 04:56:06 ........................................................................................... ~ 2s
  2026-02-19 04:56:08 ........................................................................................... ~ 3s
  2026-02-19 04:56:00 /storage/site-settings/favicon_1770993749.png ............................................ ~ 11s
  2026-02-19 04:56:11 ........................................................................................... ~ 1s
  2026-02-19 04:56:22 ........................................................................................... ~ 1s
  2026-02-19 04:56:22 ........................................................................................... ~ 1s
  2026-02-19 04:56:22 ........................................................................................... ~ 2s
  2026-02-19 04:56:22 /storage/site-settings/favicon_1770993749.png ............................................. ~ 2s
  2026-02-19 04:56:24 ........................................................................................... ~ 1s
  2026-02-19 04:56:24 ........................................................................................... ~ 2s
  2026-02-19 04:56:25 ........................................................................................... ~ 2s
  2026-02-19 04:56:26 ........................................................................................... ~ 1s
  2026-02-19 04:56:24 /storage/site-settings/favicon_1770993749.png ............................................. ~ 3s
  2026-02-19 04:56:28 ........................................................................................... ~ 0s
  2026-02-19 04:56:28 ........................................................................................... ~ 0s
  2026-02-19 04:56:29 ........................................................................................... ~ 0s
  2026-02-19 04:56:29 ........................................................................................... ~ 1s
  2026-02-19 04:56:30 ........................................................................................... ~ 0s
  2026-02-19 04:56:30 ........................................................................................... ~ 1s
  2026-02-19 04:56:32 ........................................................................................... ~ 0s
  2026-02-19 04:56:32 ........................................................................................... ~ 0s
  2026-02-19 04:56:33 ........................................................................................... ~ 0s
  2026-02-19 04:56:33 ........................................................................................... ~ 1s
  2026-02-19 04:56:35 ........................................................................................... ~ 0s
  2026-02-19 04:57:03 /storage/features-section/asGkikEHZXYIaV7d5cuAc95coqWP36C57MRAQNnR.png .................... ~ 0s
  2026-02-19 04:57:03 /storage/features-section/O6sbVsbg4PaQbmhCBTRo5Y6o1L2f9fn5gGDVA4zx.jpg .................... ~ 0s
  2026-02-19 04:57:52 ........................................................................................... ~ 0s
  2026-02-19 04:57:52 ........................................................................................... ~ 1s
  2026-02-19 04:57:53 ........................................................................................... ~ 1s
  2026-02-19 04:57:54 ........................................................................................... ~ 1s
  2026-02-19 04:57:55 ........................................................................................... ~ 0s
  2026-02-19 04:57:55 ........................................................................................... ~ 1s
  2026-02-19 04:57:56 ........................................................................................... ~ 1s
  2026-02-19 04:57:57 ........................................................................................... ~ 1s
  2026-02-19 04:57:58 ........................................................................................... ~ 0s
  2026-02-19 04:57:58 ........................................................................................... ~ 1s
  2026-02-19 04:57:59 ........................................................................................... ~ 1s
  2026-02-19 04:58:00 ........................................................................................... ~ 0s
  2026-02-19 04:58:00 ........................................................................................... ~ 1s
  2026-02-19 04:58:01 ........................................................................................... ~ 0s
  2026-02-19 04:58:01 ........................................................................................... ~ 1s
  2026-02-19 04:58:02 ........................................................................................... ~ 1s
  2026-02-19 04:58:03 ........................................................................................... ~ 0s
  2026-02-19 04:58:03 ........................................................................................... ~ 1s
  2026-02-19 04:58:26 ........................................................................................... ~ 1s
  2026-02-19 04:58:27 ........................................................................................... ~ 1s
  2026-02-19 04:59:57 ........................................................................................... ~ 1s
  2026-02-19 04:59:58 ........................................................................................... ~ 1s
  2026-02-19 04:57:03 ......................................................................................... ~ 191s
  2026-02-19 05:00:16 ........................................................................................... ~ 1s
  2026-02-19 05:00:16 ........................................................................................... ~ 1s
  2026-02-19 05:00:17 ........................................................................................... ~ 1s
  2026-02-19 05:00:18 ........................................................................................... ~ 0s
  2026-02-19 05:00:17 /storage/site-settings/favicon_1770993749.png ............................................. ~ 1s
  2026-02-19 05:00:18 ........................................................................................... ~ 1s
  2026-02-19 05:00:19 ........................................................................................... ~ 0s
  2026-02-19 05:00:19 ........................................................................................... ~ 1s
  2026-02-19 05:00:20 ........................................................................................... ~ 1s
  2026-02-19 05:00:21 ........................................................................................... ~ 0s
  2026-02-19 05:00:21 ........................................................................................... ~ 1s
  2026-02-19 05:00:22 ........................................................................................... ~ 0s
  2026-02-19 05:00:23 ........................................................................................... ~ 0s
  2026-02-19 05:00:23 ........................................................................................... ~ 1s
  2026-02-19 05:00:17 /storage/features-section/asGkikEHZXYIaV7d5cuAc95coqWP36C57MRAQNnR.png .................... ~ 7s
  2026-02-19 05:00:24 /storage/features-section/O6sbVsbg4PaQbmhCBTRo5Y6o1L2f9fn5gGDVA4zx.jpg .................... ~ 0s
  2026-02-19 05:00:24 ........................................................................................... ~ 1s
  2026-02-19 05:03:25 /storage/site-settings/favicon_1770993749.png ............................................. ~ 0s
  2026-02-19 05:03:25 .......................................................................................... ~ 96s
  2026-02-19 05:05:31 ........................................................................................... ~ 1s
  2026-02-19 05:05:31 ........................................................................................... ~ 2s
  2026-02-19 05:05:31 ........................................................................................... ~ 2s
  2026-02-19 05:05:31 ........................................................................................... ~ 3s
  2026-02-19 05:05:31 ........................................................................................... ~ 3s
  2026-02-19 05:05:31 ........................................................................................... ~ 4s
  2026-02-19 05:05:35 ........................................................................................... ~ 0s
  2026-02-19 05:05:32 /storage/site-settings/logo_1770992967.jpeg ............................................... ~ 3s
  2026-02-19 05:05:35 ........................................................................................... ~ 1s
  2026-02-19 05:05:35 /storage/site-settings/favicon_1770993749.png ............................................. ~ 1s
  2026-02-19 05:05:35 ........................................................................................... ~ 2s
  2026-02-19 05:05:35 /storage/about-section/fKT4Q8uO149Sms5X8fhHM6FuNvlVi4pHJyzrXQKu.jpg ....................... ~ 2s
  2026-02-19 05:05:36 ........................................................................................... ~ 2s
  2026-02-19 05:05:37 ........................................................................................... ~ 2s
  2026-02-19 05:05:39 ........................................................................................... ~ 0s
  2026-02-19 05:05:39 ........................................................................................... ~ 1s
  2026-02-19 05:05:38 /storage/about-section/OPzq6ZcwcPFy3I1wZIS7KU1ugB9kfoVOAsQL9i15.jpg ....................... ~ 2s
  2026-02-19 05:05:39 ........................................................................................... ~ 1s
  2026-02-19 05:05:40 ........................................................................................... ~ 1s
  2026-02-19 05:05:40 ........................................................................................... ~ 1s
  2026-02-19 05:05:41 ........................................................................................... ~ 1s
  2026-02-19 05:05:41 ........................................................................................... ~ 1s
  2026-02-19 05:05:42 ........................................................................................... ~ 0s
  2026-02-19 05:05:42 ........................................................................................... ~ 1s
  2026-02-19 05:05:42 ........................................................................................... ~ 1s
  2026-02-19 05:05:42 /storage/site-settings/favicon_1770993749.png ............................................. ~ 1s
  2026-02-19 05:05:43 ........................................................................................... ~ 1s
  2026-02-19 05:05:42 /storage/site-settings/logo_1770992967.jpeg ............................................... ~ 2s
  2026-02-19 05:05:43 ........................................................................................... ~ 1s
  2026-02-19 05:05:44 ........................................................................................... ~ 1s
  2026-02-19 05:05:44 ........................................................................................... ~ 2s
  2026-02-19 05:05:45 ........................................................................................... ~ 2s
  2026-02-19 05:05:46 ........................................................................................... ~ 2s
  2026-02-19 05:05:48 ........................................................................................... ~ 0s
  2026-02-19 05:05:48 ........................................................................................... ~ 1s
  2026-02-19 05:05:47 /storage/showcase-section/images/Nm0lamtKOCZP0F8yRvjwxSnSNJl43cEH3WdNeZdT.png ............. ~ 2s
  2026-02-19 05:07:52 ........................................................................................... ~ 1s
  2026-02-19 05:07:52 ........................................................................................... ~ 3s
  2026-02-19 05:07:53 ........................................................................................... ~ 3s
  2026-02-19 05:07:56 ........................................................................................... ~ 0s
  2026-02-19 05:07:56 ........................................................................................... ~ 1s
  2026-02-19 05:07:56 ........................................................................................... ~ 1s
  2026-02-19 05:07:56 /storage/site-settings/favicon_1770993749.png ............................................. ~ 1s
  2026-02-19 05:07:57 ........................................................................................... ~ 1s
  2026-02-19 05:07:57 ........................................................................................... ~ 1s
  2026-02-19 05:07:58 ........................................................................................... ~ 1s
  2026-02-19 05:07:57 /storage/site-settings/logo_1770992967.jpeg ............................................... ~ 2s
  2026-02-19 05:07:58 ........................................................................................... ~ 1s
  2026-02-19 05:07:59 ........................................................................................... ~ 1s
  2026-02-19 05:08:00 ........................................................................................... ~ 0s
  2026-02-19 05:07:59 /storage/showcase-section/images/Nm0lamtKOCZP0F8yRvjwxSnSNJl43cEH3WdNeZdT.png ............. ~ 1s
  2026-02-19 05:08:01 ........................................................................................... ~ 1s
  2026-02-19 05:08:01 ........................................................................................... ~ 1s
  2026-02-19 05:08:01 ........................................................................................... ~ 2s
  2026-02-19 05:08:03 ........................................................................................... ~ 0s
  2026-02-19 05:08:03 ........................................................................................... ~ 1s
  2026-02-19 05:08:02 /storage/site-settings/favicon_1770993749.png ............................................. ~ 2s
  2026-02-19 05:08:03 ........................................................................................... ~ 1s
  2026-02-19 05:08:04 ........................................................................................... ~ 1s
  2026-02-19 05:08:03 /storage/site-settings/logo_1770992967.jpeg ............................................... ~ 2s
  2026-02-19 05:08:04 ........................................................................................... ~ 1s
  2026-02-19 05:08:05 ........................................................................................... ~ 1s
  2026-02-19 05:08:05 ........................................................................................... ~ 1s
  2026-02-19 05:08:06 ........................................................................................... ~ 1s
  2026-02-19 05:08:07 ........................................................................................... ~ 0s
  2026-02-19 05:08:07 ........................................................................................... ~ 1s
  2026-02-19 05:08:06 /storage/showcase-section/images/Nm0lamtKOCZP0F8yRvjwxSnSNJl43cEH3WdNeZdT.png ............. ~ 2s
  2026-02-19 05:08:13 ........................................................................................... ~ 1s
  2026-02-19 05:08:13 ........................................................................................... ~ 2s
  2026-02-19 05:08:14 ........................................................................................... ~ 1s
  2026-02-19 05:08:15 ........................................................................................... ~ 2s
  2026-02-19 05:08:15 /storage/site-settings/favicon_1770993749.png ............................................. ~ 2s
  2026-02-19 05:08:17 ........................................................................................... ~ 0s
  2026-02-19 05:08:17 ........................................................................................... ~ 1s
  2026-02-19 05:08:15 /storage/site-settings/logo_1770992967.jpeg ............................................... ~ 3s
  2026-02-19 05:08:17 ........................................................................................... ~ 2s
  2026-02-19 05:08:18 ........................................................................................... ~ 2s
  2026-02-19 05:08:19 ........................................................................................... ~ 1s
  2026-02-19 05:08:20 ........................................................................................... ~ 1s
  2026-02-19 05:08:20 ........................................................................................... ~ 1s
  2026-02-19 05:08:20 /storage/site-settings/favicon_1770993749.png ............................................. ~ 1s
  2026-02-19 05:08:20 /storage/site-settings/logo_1770992967.jpeg ............................................... ~ 1s
  2026-02-19 05:08:21 ........................................................................................... ~ 1s
  2026-02-19 05:08:21 ........................................................................................... ~ 1s
  2026-02-19 05:08:22 ........................................................................................... ~ 1s
  2026-02-19 05:08:22 ........................................................................................... ~ 1s
  2026-02-19 05:08:23 ........................................................................................... ~ 1s
  2026-02-19 05:08:23 ........................................................................................... ~ 1s
  2026-02-19 05:08:23 /storage/site-settings/logo_1770992967.jpeg ............................................... ~ 1s
  2026-02-19 05:08:24 ........................................................................................... ~ 0s
  2026-02-19 05:08:23 /storage/site-settings/favicon_1770993749.png ............................................. ~ 1s
  2026-02-19 05:08:24 ........................................................................................... ~ 1s
  2026-02-19 05:08:24 ........................................................................................... ~ 1s
  2026-02-19 05:08:25 ........................................................................................... ~ 0s
  2026-02-19 05:08:25 ........................................................................................... ~ 1s
  2026-02-19 05:08:25 /storage/site-settings/logo_1770992967.jpeg ............................................... ~ 1s
  2026-02-19 05:08:25 ........................................................................................... ~ 2s
  2026-02-19 05:08:25 /storage/showcase-section/images/Nm0lamtKOCZP0F8yRvjwxSnSNJl43cEH3WdNeZdT.png ............. ~ 2s
  2026-02-19 05:08:26 ........................................................................................... ~ 2s
  2026-02-19 05:08:28 ........................................................................................... ~ 0s
  2026-02-19 05:08:28 ........................................................................................... ~ 1s
  2026-02-19 05:08:28 /storage/site-settings/favicon_1770993749.png ............................................. ~ 1s
  2026-02-19 05:08:37 ........................................................................................... ~ 0s
  2026-02-19 05:08:37 ........................................................................................... ~ 1s
  2026-02-19 05:08:37 ........................................................................................... ~ 1s
  2026-02-19 05:08:37 ........................................................................................... ~ 2s
  2026-02-19 05:08:39 ........................................................................................... ~ 0s
  2026-02-19 05:08:37 /storage/site-settings/favicon_1770993749.png ............................................. ~ 2s
  2026-02-19 05:08:39 ........................................................................................... ~ 1s
  2026-02-19 05:09:09 ........................................................................................... ~ 1s
  2026-02-19 05:09:10 ........................................................................................... ~ 3s
  2026-02-19 05:08:38 /storage/site-settings/favicon_1770993749.png ............................................ ~ 39s
  2026-02-19 05:09:17 ........................................................................................... ~ 1s
  2026-02-19 05:09:17 ........................................................................................... ~ 1s
  2026-02-19 05:09:17 ........................................................................................... ~ 2s
  2026-02-19 05:09:18 ........................................................................................... ~ 1s
  2026-02-19 05:09:19 ........................................................................................... ~ 1s
  2026-02-19 05:09:19 ........................................................................................... ~ 1s
  2026-02-19 05:09:20 ........................................................................................... ~ 1s
  2026-02-19 05:09:21 ........................................................................................... ~ 0s
  2026-02-19 05:09:20 /storage/site-settings/logo_1770992967.jpeg ............................................... ~ 1s
  2026-02-19 05:09:21 ........................................................................................... ~ 1s
  2026-02-19 05:09:21 ........................................................................................... ~ 2s
  2026-02-19 05:09:20 ........................................................................................... ~ 3s
  2026-02-19 05:09:22 ........................................................................................... ~ 1s
  2026-02-19 05:09:23 ........................................................................................... ~ 1s
  2026-02-19 05:09:23 /storage/showcase-section/images/Nm0lamtKOCZP0F8yRvjwxSnSNJl43cEH3WdNeZdT.png ............. ~ 1s
  2026-02-19 05:09:43 ........................................................................................... ~ 1s
  2026-02-19 05:09:44 ........................................................................................... ~ 0s
  2026-02-19 05:09:53 ........................................................................................... ~ 1s
  2026-02-19 05:09:53 ........................................................................................... ~ 1s
  2026-02-19 05:09:54 ........................................................................................... ~ 1s
  2026-02-19 05:09:55 ........................................................................................... ~ 0s
  2026-02-19 05:09:55 ........................................................................................... ~ 1s
  2026-02-19 05:09:54 /storage/site-settings/favicon_1770993749.png ............................................. ~ 2s
  2026-02-19 05:09:55 ........................................................................................... ~ 2s
  2026-02-19 05:09:56 ........................................................................................... ~ 1s
  2026-02-19 05:09:55 /storage/site-settings/logo_1770992967.jpeg ............................................... ~ 2s
  2026-02-19 05:09:57 ........................................................................................... ~ 0s
  2026-02-19 05:09:57 ........................................................................................... ~ 1s
  2026-02-19 05:09:57 ........................................................................................... ~ 1s
  2026-02-19 05:09:58 ........................................................................................... ~ 1s
  2026-02-19 05:09:58 ........................................................................................... ~ 1s
  2026-02-19 05:09:59 ........................................................................................... ~ 1s
  2026-02-19 05:09:59 /storage/showcase-section/images/Nm0lamtKOCZP0F8yRvjwxSnSNJl43cEH3WdNeZdT.png ............. ~ 1s
  2026-02-19 05:10:27 ........................................................................................... ~ 0s
  2026-02-19 05:10:27 ........................................................................................... ~ 1s
  2026-02-19 05:10:27 ........................................................................................... ~ 1s
  2026-02-19 05:10:27 /storage/showcase-section/images/Nm0lamtKOCZP0F8yRvjwxSnSNJl43cEH3WdNeZdT.png ............. ~ 1s
  2026-02-19 05:10:28 .......................................................................................... ~ 59s
  2026-02-19 05:11:32 ........................................................................................... ~ 0s
  2026-02-19 05:11:32 ........................................................................................... ~ 3s
  2026-02-19 05:11:56 ........................................................................................... ~ 1s
  2026-02-19 05:11:57 ........................................................................................... ~ 0s
  2026-02-19 05:12:04 ........................................................................................... ~ 0s
  2026-02-19 05:12:04 ........................................................................................... ~ 1s
  2026-02-19 05:12:04 ........................................................................................... ~ 2s
  2026-02-19 05:12:06 ........................................................................................... ~ 0s
  2026-02-19 05:12:06 ........................................................................................... ~ 1s
  2026-02-19 05:12:05 /storage/site-settings/favicon_1770993749.png ............................................. ~ 2s
  2026-02-19 05:12:06 ........................................................................................... ~ 1s
  2026-02-19 05:12:07 ........................................................................................... ~ 1s
  2026-02-19 05:12:06 /storage/site-settings/logo_1770992967.jpeg ............................................... ~ 2s
  2026-02-19 05:12:07 ........................................................................................... ~ 1s
  2026-02-19 05:12:08 ........................................................................................... ~ 1s
  2026-02-19 05:12:08 ........................................................................................... ~ 2s
  2026-02-19 05:12:09 ........................................................................................... ~ 1s
  2026-02-19 05:12:08 /storage/showcase-section/images/Nm0lamtKOCZP0F8yRvjwxSnSNJl43cEH3WdNeZdT.png ............. ~ 2s
  2026-02-19 05:13:36 ........................................................................................... ~ 2s
  2026-02-19 05:13:38 ........................................................................................... ~ 1s
  2026-02-19 05:13:38 ........................................................................................... ~ 2s
  2026-02-19 05:13:39 ........................................................................................... ~ 2s
  2026-02-19 05:13:40 ........................................................................................... ~ 1s
  2026-02-19 05:13:41 ........................................................................................... ~ 1s
  2026-02-19 05:13:42 ........................................................................................... ~ 1s
  2026-02-19 05:13:41 /storage/site-settings/logo_1770992967.jpeg ............................................... ~ 2s
  2026-02-19 05:13:42 ........................................................................................... ~ 1s
  2026-02-19 05:13:42 /storage/site-settings/favicon_1770993749.png ............................................. ~ 1s
  2026-02-19 05:13:43 ........................................................................................... ~ 1s
  2026-02-19 05:13:42 /storage/features-section/asGkikEHZXYIaV7d5cuAc95coqWP36C57MRAQNnR.png .................... ~ 2s
  2026-02-19 05:13:43 ........................................................................................... ~ 2s
  2026-02-19 05:13:44 ........................................................................................... ~ 1s
  2026-02-19 05:13:45 ........................................................................................... ~ 1s
  2026-02-19 05:13:46 ........................................................................................... ~ 0s
  2026-02-19 05:13:46 ........................................................................................... ~ 1s
  2026-02-19 05:13:45 /storage/site-settings/favicon_1770993749.png ............................................. ~ 2s
  2026-02-19 05:13:46 ........................................................................................... ~ 2s
  2026-02-19 05:13:47 ........................................................................................... ~ 2s
  2026-02-19 05:13:48 ........................................................................................... ~ 1s
  2026-02-19 05:13:49 ........................................................................................... ~ 1s
  2026-02-19 05:13:49 ........................................................................................... ~ 2s
  2026-02-19 05:13:46 /storage/features-section/O6sbVsbg4PaQbmhCBTRo5Y6o1L2f9fn5gGDVA4zx.jpg .................... ~ 5s
  2026-02-19 05:14:10 ........................................................................................... ~ 1s
  2026-02-19 05:14:34 ........................................................................................... ~ 0s
  2026-02-19 05:18:27 /storage/showcase-section/backgrounds/LHlUKWijwNpvDC3x783rwtShIBASi75cQZbpCyym.jpg ........ ~ 0s
  2026-02-19 05:18:47 /storage/site-settings/favicon_1770993749.png ............................................. ~ 0s
  2026-02-19 05:18:47 /storage/site-settings/favicon_1770993749.png ............................................. ~ 0s
  2026-02-19 05:19:11 ........................................................................................... ~ 1s
  2026-02-19 05:19:12 ........................................................................................... ~ 1s
  2026-02-19 05:21:04 ........................................................................................... ~ 1s
  2026-02-19 05:21:04 ........................................................................................... ~ 2s
  2026-02-19 05:21:04 ........................................................................................... ~ 2s
  2026-02-19 05:21:05 ........................................................................................... ~ 1s
  2026-02-19 05:21:06 ........................................................................................... ~ 1s
  2026-02-19 05:21:06 ........................................................................................... ~ 2s
  2026-02-19 05:21:08 ........................................................................................... ~ 0s
  2026-02-19 05:21:08 ........................................................................................... ~ 1s
  2026-02-19 05:21:07 /storage/site-settings/favicon_1770993749.png ............................................. ~ 2s
  2026-02-19 05:21:08 ........................................................................................... ~ 2s
  2026-02-19 05:21:09 ........................................................................................... ~ 3s
  2026-02-19 05:21:10 ........................................................................................... ~ 2s
  2026-02-19 05:21:08 /storage/site-settings/favicon_1770993749.png ............................................. ~ 4s
  2026-02-19 05:21:12 ........................................................................................... ~ 1s
  2026-02-19 05:21:12 ........................................................................................... ~ 2s
  2026-02-19 05:21:14 ........................................................................................... ~ 0s
  2026-02-19 05:21:14 ........................................................................................... ~ 1s
  2026-02-19 05:21:13 /storage/site-settings/logo_1770992967.jpeg ............................................... ~ 2s
  2026-02-19 05:21:14 ........................................................................................... ~ 1s
  2026-02-19 05:21:14 /storage/features-section/asGkikEHZXYIaV7d5cuAc95coqWP36C57MRAQNnR.png .................... ~ 1s
  2026-02-19 05:21:15 ........................................................................................... ~ 1s
  2026-02-19 05:21:15 ........................................................................................... ~ 2s
  2026-02-19 05:21:15 /storage/features-section/O6sbVsbg4PaQbmhCBTRo5Y6o1L2f9fn5gGDVA4zx.jpg .................... ~ 2s
  2026-02-19 05:22:02 ........................................................................................... ~ 1s
  2026-02-19 05:22:03 ........................................................................................... ~ 0s
  2026-02-19 05:22:17 ........................................................................................... ~ 1s
  2026-02-19 05:22:17 ........................................................................................... ~ 1s
  2026-02-19 05:22:17 ........................................................................................... ~ 2s
  2026-02-19 05:22:19 ........................................................................................... ~ 0s
  2026-02-19 05:22:19 ........................................................................................... ~ 1s
  2026-02-19 05:22:18 /storage/site-settings/favicon_1770993749.png ............................................. ~ 2s
  2026-02-19 05:22:19 ........................................................................................... ~ 1s
  2026-02-19 05:22:20 ........................................................................................... ~ 1s
  2026-02-19 05:22:19 /storage/site-settings/logo_1770992967.jpeg ............................................... ~ 2s
  2026-02-19 05:22:20 ........................................................................................... ~ 1s
  2026-02-19 05:22:21 ........................................................................................... ~ 1s
  2026-02-19 05:22:22 ........................................................................................... ~ 0s
  2026-02-19 05:22:22 ........................................................................................... ~ 1s
  2026-02-19 05:22:22 ........................................................................................... ~ 1s
  2026-02-19 05:22:21 /storage/site-settings/favicon_1770993749.png ............................................. ~ 2s
  2026-02-19 05:22:23 ........................................................................................... ~ 1s
  2026-02-19 05:22:23 ........................................................................................... ~ 1s
  2026-02-19 05:22:24 ........................................................................................... ~ 1s
  2026-02-19 05:22:24 ........................................................................................... ~ 2s
  2026-02-19 05:22:25 ........................................................................................... ~ 1s
  2026-02-19 05:22:26 ........................................................................................... ~ 1s
  2026-02-19 05:22:26 ........................................................................................... ~ 1s
  2026-02-19 05:23:39 /storage/site-settings/favicon_1770993749.png ............................................. ~ 0s
  2026-02-19 05:23:39 /storage/site-settings/favicon_1770993749.png ............................................. ~ 0s
  2026-02-19 05:23:40 ........................................................................................... ~ 0s
  2026-02-19 05:23:40 ........................................................................................... ~ 1s
  2026-02-19 05:23:40 ........................................................................................... ~ 2s
  2026-02-19 05:23:41 ........................................................................................... ~ 1s
  2026-02-19 05:23:42 ........................................................................................... ~ 0s
  2026-02-19 05:23:42 ........................................................................................... ~ 1s
  2026-02-19 05:23:43 ........................................................................................... ~ 1s
  2026-02-19 05:23:44 ........................................................................................... ~ 0s
  2026-02-19 05:23:42 /storage/site-settings/favicon_1770993749.png ............................................. ~ 2s
  2026-02-19 05:23:44 ........................................................................................... ~ 1s
  2026-02-19 05:23:44 ........................................................................................... ~ 2s
  2026-02-19 05:23:45 ........................................................................................... ~ 1s
  2026-02-19 05:23:46 ........................................................................................... ~ 1s
  2026-02-19 05:23:43 /storage/site-settings/logo_1770992967.jpeg ............................................... ~ 4s
  2026-02-19 05:23:46 ........................................................................................... ~ 2s
  2026-02-19 05:23:47 ........................................................................................... ~ 1s
  2026-02-19 05:23:48 ........................................................................................... ~ 1s
  2026-02-19 05:23:49 ........................................................................................... ~ 1s
  2026-02-19 05:23:50 ........................................................................................... ~ 0s
  2026-02-19 05:23:50 ........................................................................................... ~ 1s
  2026-02-19 05:23:49 /storage/showcase-section/backgrounds/LHlUKWijwNpvDC3x783rwtShIBASi75cQZbpCyym.jpg ........ ~ 2s
  2026-02-19 05:23:50 ........................................................................................... ~ 2s
  2026-02-19 05:23:50 /storage/showcase-section/images/Nm0lamtKOCZP0F8yRvjwxSnSNJl43cEH3WdNeZdT.png ............. ~ 2s
  2026-02-19 05:23:52 ........................................................................................... ~ 1s
  2026-02-19 05:23:52 ........................................................................................... ~ 1s
  2026-02-19 05:23:53 ........................................................................................... ~ 1s
  2026-02-19 05:23:54 ........................................................................................... ~ 0s
  2026-02-19 05:23:54 ........................................................................................... ~ 1s
  2026-02-19 05:23:53 /storage/site-settings/favicon_1770993749.png ............................................. ~ 2s
  2026-02-19 05:23:54 ........................................................................................... ~ 1s
  2026-02-19 05:23:55 ........................................................................................... ~ 1s
  2026-02-19 05:23:54 /storage/site-settings/logo_1770992967.jpeg ............................................... ~ 2s
  2026-02-19 05:23:55 ........................................................................................... ~ 2s
  2026-02-19 05:23:56 ........................................................................................... ~ 1s
  2026-02-19 05:23:57 ........................................................................................... ~ 1s
  2026-02-19 05:23:57 ........................................................................................... ~ 1s
  2026-02-19 05:23:58 ........................................................................................... ~ 1s
  2026-02-19 05:23:57 /storage/site-settings/favicon_1770993749.png ............................................. ~ 2s
  2026-02-19 05:23:58 ........................................................................................... ~ 1s
  2026-02-19 05:23:59 ........................................................................................... ~ 1s
  2026-02-19 05:24:00 ........................................................................................... ~ 0s
  2026-02-19 05:24:00 ........................................................................................... ~ 0s
  2026-02-19 05:24:00 ........................................................................................... ~ 1s
  2026-02-19 05:24:00 /storage/showcase-section/backgrounds/LHlUKWijwNpvDC3x783rwtShIBASi75cQZbpCyym.jpg ........ ~ 1s
  2026-02-19 05:24:01 ........................................................................................... ~ 0s
  2026-02-19 05:24:00 /storage/showcase-section/images/Nm0lamtKOCZP0F8yRvjwxSnSNJl43cEH3WdNeZdT.png ............. ~ 1s
  2026-02-19 05:24:01 ........................................................................................... ~ 1s
  2026-02-19 05:24:16 ........................................................................................... ~ 0s
  2026-02-19 05:24:16 ........................................................................................... ~ 1s
  2026-02-19 05:24:16 ........................................................................................... ~ 1s
  2026-02-19 05:24:16 ........................................................................................... ~ 2s
  2026-02-19 05:24:16 ........................................................................................... ~ 2s
  2026-02-19 05:24:16 ........................................................................................... ~ 3s
  2026-02-19 05:24:19 ........................................................................................... ~ 0s
  2026-02-19 05:24:16 /storage/site-settings/logo_1770992967.jpeg ............................................... ~ 3s
  2026-02-19 05:24:19 ........................................................................................... ~ 1s
  2026-02-19 05:24:19 /storage/site-settings/favicon_1770993749.png ............................................. ~ 1s
  2026-02-19 05:24:19 /storage/features-section/asGkikEHZXYIaV7d5cuAc95coqWP36C57MRAQNnR.png .................... ~ 1s
  2026-02-19 05:24:20 /storage/features-section/O6sbVsbg4PaQbmhCBTRo5Y6o1L2f9fn5gGDVA4zx.jpg .................... ~ 0s
  2026-02-19 05:24:34 ........................................................................................... ~ 1s
  2026-02-19 05:24:35 ........................................................................................... ~ 0s
  2026-02-19 05:24:35 ........................................................................................... ~ 1s
  2026-02-19 05:24:34 /storage/site-settings/favicon_1770993749.png ............................................. ~ 2s
  2026-02-19 05:24:36 ........................................................................................... ~ 1s
  2026-02-19 05:24:37 ........................................................................................... ~ 0s
  2026-02-19 05:24:38 ........................................................................................... ~ 0s
  2026-02-19 05:24:38 ........................................................................................... ~ 1s
  2026-02-19 05:24:38 ........................................................................................... ~ 1s
  2026-02-19 05:24:39 ........................................................................................... ~ 1s
  2026-02-19 05:24:40 ........................................................................................... ~ 0s
  2026-02-19 05:24:40 ........................................................................................... ~ 1s
  2026-02-19 05:24:41 ........................................................................................... ~ 0s
  2026-02-19 05:24:42 ........................................................................................... ~ 0s
  2026-02-19 05:24:42 ........................................................................................... ~ 1s
  2026-02-19 05:26:49 ........................................................................................... ~ 0s
  2026-02-19 05:24:35 ......................................................................................... ~ 162s
  2026-02-19 05:27:20 /storage/site-settings/favicon_1770993749.png ............................................. ~ 0s
  2026-02-19 05:28:01 ........................................................................................... ~ 1s
  2026-02-19 05:28:02 ........................................................................................... ~ 1s
  2026-02-19 05:27:20 /storage/service-how-it-works/Op8upv37YHDe9p1aPD1DjHxumNSedpNy1TKbo5k4.jpg ............... ~ 43s
  2026-02-19 05:28:11 ........................................................................................... ~ 0s
  2026-02-19 05:28:11 ........................................................................................... ~ 1s
  2026-02-19 05:28:11 ........................................................................................... ~ 2s
  2026-02-19 05:28:12 ........................................................................................... ~ 1s
  2026-02-19 05:28:13 ........................................................................................... ~ 1s
  2026-02-19 05:28:13 ........................................................................................... ~ 1s
  2026-02-19 05:28:14 ........................................................................................... ~ 1s
  2026-02-19 05:28:14 ........................................................................................... ~ 2s
  2026-02-19 05:28:14 /storage/site-settings/favicon_1770993749.png ............................................. ~ 2s
  2026-02-19 05:28:15 ........................................................................................... ~ 1s
  2026-02-19 05:28:16 ........................................................................................... ~ 0s
  2026-02-19 05:28:16 ........................................................................................... ~ 1s
  2026-02-19 05:28:14 /storage/site-settings/favicon_1770993749.png ............................................. ~ 3s
  2026-02-19 05:28:17 ........................................................................................... ~ 1s
  2026-02-19 05:28:16 /storage/service-how-it-works/Op8upv37YHDe9p1aPD1DjHxumNSedpNy1TKbo5k4.jpg ................ ~ 2s
  2026-02-19 05:28:17 /storage/site-settings/logo_1770992967.jpeg ............................................... ~ 1s
  2026-02-19 05:28:18 ........................................................................................... ~ 1s
  2026-02-19 05:28:17 /storage/features-section/asGkikEHZXYIaV7d5cuAc95coqWP36C57MRAQNnR.png .................... ~ 2s
  2026-02-19 05:28:19 ........................................................................................... ~ 1s
  2026-02-19 05:28:19 ........................................................................................... ~ 1s
  2026-02-19 05:28:17 /storage/features-section/O6sbVsbg4PaQbmhCBTRo5Y6o1L2f9fn5gGDVA4zx.jpg .................... ~ 3s
  2026-02-19 05:28:20 ........................................................................................... ~ 1s
  2026-02-19 05:28:20 ........................................................................................... ~ 1s
  2026-02-19 05:28:21 ........................................................................................... ~ 1s
  2026-02-19 05:28:22 ........................................................................................... ~ 1s
  2026-02-19 05:28:23 ........................................................................................... ~ 1s
  2026-02-19 05:28:23 ........................................................................................... ~ 2s
  2026-02-19 05:28:24 ........................................................................................... ~ 2s
  2026-02-19 05:28:26 ........................................................................................... ~ 0s
  2026-02-19 05:28:26 ........................................................................................... ~ 1s
  2026-02-19 05:29:06 /storage/site-settings/favicon_1770993749.png ............................................. ~ 0s
  2026-02-19 05:29:06 /storage/site-settings/favicon_1770993749.png ............................................. ~ 0s
  2026-02-19 05:28:27 .......................................................................................... ~ 73s
  2026-02-19 05:29:42 ........................................................................................... ~ 1s
  2026-02-19 05:29:43 ........................................................................................... ~ 1s
  2026-02-19 05:29:43 ........................................................................................... ~ 1s
  2026-02-19 05:29:44 ........................................................................................... ~ 1s
  2026-02-19 05:29:44 ........................................................................................... ~ 1s
  2026-02-19 05:29:45 ........................................................................................... ~ 1s
  2026-02-19 05:29:46 ........................................................................................... ~ 1s
  2026-02-19 05:29:45 /storage/site-settings/favicon_1770993749.png ............................................. ~ 2s
  2026-02-19 05:29:46 ........................................................................................... ~ 1s
  2026-02-19 05:29:46 /storage/site-settings/logo_1770992967.jpeg ............................................... ~ 1s
  2026-02-19 05:29:47 ........................................................................................... ~ 1s
  2026-02-19 05:29:46 /storage/features-section/asGkikEHZXYIaV7d5cuAc95coqWP36C57MRAQNnR.png .................... ~ 2s
  2026-02-19 05:29:48 ........................................................................................... ~ 0s
  2026-02-19 05:29:47 /storage/site-settings/favicon_1770993749.png ............................................. ~ 1s
  2026-02-19 05:29:48 ........................................................................................... ~ 1s
  2026-02-19 05:29:48 /storage/service-how-it-works/Op8upv37YHDe9p1aPD1DjHxumNSedpNy1TKbo5k4.jpg ................ ~ 1s
  2026-02-19 05:29:49 ........................................................................................... ~ 0s
  2026-02-19 05:29:49 ........................................................................................... ~ 1s
  2026-02-19 05:29:48 /storage/features-section/O6sbVsbg4PaQbmhCBTRo5Y6o1L2f9fn5gGDVA4zx.jpg .................... ~ 2s
  2026-02-19 05:29:50 ........................................................................................... ~ 0s
  2026-02-19 05:29:50 ........................................................................................... ~ 1s
  2026-02-19 05:29:51 ........................................................................................... ~ 1s
  2026-02-19 05:29:51 ........................................................................................... ~ 1s
  2026-02-19 05:29:52 ........................................................................................... ~ 1s
  2026-02-19 05:29:53 ........................................................................................... ~ 1s
  2026-02-19 05:29:54 ........................................................................................... ~ 0s
  2026-02-19 05:29:54 ........................................................................................... ~ 1s
  2026-02-19 05:29:55 ........................................................................................... ~ 1s
  2026-02-19 05:29:56 .......................................................................................... ~ 60s
  2026-02-19 05:31:33 /storage/site-settings/favicon_1770993749.png ............................................. ~ 0s
  2026-02-19 05:31:34 /storage/site-settings/favicon_1770993749.png ............................................. ~ 0s
  2026-02-19 05:31:49 ........................................................................................... ~ 1s
  2026-02-19 05:31:49 ........................................................................................... ~ 2s
  2026-02-19 05:31:49 ........................................................................................... ~ 2s
  2026-02-19 05:31:50 ........................................................................................... ~ 2s
  2026-02-19 05:31:51 ........................................................................................... ~ 1s
  2026-02-19 05:31:52 ........................................................................................... ~ 1s
  2026-02-19 05:31:53 ........................................................................................... ~ 0s
  2026-02-19 05:31:53 ........................................................................................... ~ 1s
  2026-02-19 05:31:52 /storage/site-settings/favicon_1770993749.png ............................................. ~ 2s
  2026-02-19 05:31:53 ........................................................................................... ~ 2s
  2026-02-19 05:31:53 /storage/site-settings/favicon_1770993749.png ............................................. ~ 2s
  2026-02-19 05:31:54 /storage/site-settings/logo_1770992967.jpeg ............................................... ~ 1s
  2026-02-19 05:31:55 ........................................................................................... ~ 1s
  2026-02-19 05:31:55 /storage/features-section/asGkikEHZXYIaV7d5cuAc95coqWP36C57MRAQNnR.png .................... ~ 1s
  2026-02-19 05:31:56 ........................................................................................... ~ 0s
  2026-02-19 05:31:55 /storage/service-how-it-works/Op8upv37YHDe9p1aPD1DjHxumNSedpNy1TKbo5k4.jpg ................ ~ 1s
  2026-02-19 05:31:56 ........................................................................................... ~ 1s
  2026-02-19 05:31:56 ........................................................................................... ~ 2s
  2026-02-19 05:31:55 /storage/features-section/O6sbVsbg4PaQbmhCBTRo5Y6o1L2f9fn5gGDVA4zx.jpg .................... ~ 3s
  2026-02-19 05:31:58 ........................................................................................... ~ 1s
  2026-02-19 05:31:59 ........................................................................................... ~ 0s
  2026-02-19 05:31:59 ........................................................................................... ~ 1s
  2026-02-19 05:32:00 ........................................................................................... ~ 1s
  2026-02-19 05:32:01 ........................................................................................... ~ 1s
  2026-02-19 05:32:02 ........................................................................................... ~ 1s
  2026-02-19 05:32:03 ........................................................................................... ~ 0s
  2026-02-19 05:32:03 ........................................................................................... ~ 1s
  2026-02-19 05:32:04 ........................................................................................... ~ 1s
  2026-02-19 05:32:05 .......................................................................................... ~ 13s
  2026-02-19 05:32:18 ........................................................................................... ~ 0s
  2026-02-19 05:32:18 ........................................................................................... ~ 1s
  2026-02-19 05:32:19 ........................................................................................... ~ 1s
  2026-02-19 05:32:19 ........................................................................................... ~ 1s
  2026-02-19 05:32:18 /storage/site-settings/favicon_1770993749.png ............................................. ~ 2s
  2026-02-19 05:32:20 ........................................................................................... ~ 1s
  2026-02-19 05:32:19 /storage/site-settings/logo_1770992967.jpeg ............................................... ~ 2s
  2026-02-19 05:32:20 ........................................................................................... ~ 1s
  2026-02-19 05:32:21 ........................................................................................... ~ 1s
  2026-02-19 05:32:22 ........................................................................................... ~ 0s
  2026-02-19 05:32:22 ........................................................................................... ~ 1s
  2026-02-19 05:32:22 ........................................................................................... ~ 1s
  2026-02-19 05:32:21 /storage/site-settings/favicon_1770993749.png ............................................. ~ 2s
  2026-02-19 05:32:23 ........................................................................................... ~ 1s
  2026-02-19 05:32:24 ........................................................................................... ~ 0s
  2026-02-19 05:32:24 ........................................................................................... ~ 1s
  2026-02-19 05:32:24 ........................................................................................... ~ 1s
  2026-02-19 05:32:23 /storage/showcase-section/backgrounds/LHlUKWijwNpvDC3x783rwtShIBASi75cQZbpCyym.jpg ........ ~ 2s
  2026-02-19 05:32:25 ........................................................................................... ~ 1s
  2026-02-19 05:32:25 ........................................................................................... ~ 1s
  2026-02-19 05:32:26 ........................................................................................... ~ 1s
  2026-02-19 05:32:27 ........................................................................................... ~ 0s
  2026-02-19 05:32:26 /storage/showcase-section/images/Nm0lamtKOCZP0F8yRvjwxSnSNJl43cEH3WdNeZdT.png ............. ~ 1s
  2026-02-19 05:32:27 ........................................................................................... ~ 1s
  2026-02-19 05:32:27 ........................................................................................... ~ 1s
  2026-02-19 05:32:28 ........................................................................................... ~ 1s
  2026-02-19 05:32:29 ........................................................................................... ~ 0s
  2026-02-19 05:32:29 ........................................................................................... ~ 1s
  2026-02-19 05:32:30 ........................................................................................... ~ 1s
  2026-02-19 05:32:31 ........................................................................................... ~ 0s
  2026-02-19 05:32:32 ........................................................................................... ~ 0s
  2026-02-19 05:32:37 ........................................................................................... ~ 0s
  2026-02-19 05:32:37 ........................................................................................... ~ 1s
  2026-02-19 05:32:37 ........................................................................................... ~ 1s
  2026-02-19 05:32:38 ........................................................................................... ~ 0s
  2026-02-19 05:32:38 ........................................................................................... ~ 1s
  2026-02-19 05:32:37 /storage/site-settings/favicon_1770993749.png ............................................. ~ 2s
  2026-02-19 05:32:38 ........................................................................................... ~ 1s
  2026-02-19 05:32:39 ........................................................................................... ~ 1s
  2026-02-19 05:32:40 ........................................................................................... ~ 1s
  2026-02-19 05:32:42 ........................................................................................... ~ 0s
  2026-02-19 05:32:42 ........................................................................................... ~ 1s
  2026-02-19 05:32:45 ........................................................................................... ~ 1s
  2026-02-19 05:32:46 ........................................................................................... ~ 0s
  2026-02-19 05:32:52 ........................................................................................... ~ 0s
  2026-02-19 05:32:52 ........................................................................................... ~ 1s
  2026-02-19 05:32:52 ........................................................................................... ~ 1s
  2026-02-19 05:32:53 ........................................................................................... ~ 1s
  2026-02-19 05:33:06 ........................................................................................... ~ 1s
  2026-02-19 05:33:07 ........................................................................................... ~ 0s
  2026-02-19 05:32:38 /storage/site-settings/favicon_1770993749.png ............................................ ~ 36s
  2026-02-19 05:33:14 ........................................................................................... ~ 1s
  2026-02-19 05:33:14 ........................................................................................... ~ 1s
  2026-02-19 05:33:14 ........................................................................................... ~ 2s
  2026-02-19 05:33:15 ........................................................................................... ~ 1s
  2026-02-19 05:33:16 ........................................................................................... ~ 1s
  2026-02-19 05:33:16 ........................................................................................... ~ 1s
  2026-02-19 05:33:16 /storage/site-settings/logo_1770992967.jpeg ............................................... ~ 1s
  2026-02-19 05:33:17 ........................................................................................... ~ 1s
  2026-02-19 05:33:17 ........................................................................................... ~ 1s
  2026-02-19 05:33:17 ........................................................................................... ~ 2s
  2026-02-19 05:33:17 /storage/product-items/0QbrBPHDm83vqjzgsUpzNrlZjvYNLt0Aqc7g71lS.jpg ....................... ~ 2s
  2026-02-19 05:33:18 ........................................................................................... ~ 2s
  2026-02-19 05:33:19 /storage/showcase-section/backgrounds/LHlUKWijwNpvDC3x783rwtShIBASi75cQZbpCyym.jpg ........ ~ 1s
  2026-02-19 05:33:20 /storage/showcase-section/images/Nm0lamtKOCZP0F8yRvjwxSnSNJl43cEH3WdNeZdT.png ............. ~ 0s
  2026-02-19 05:33:20 ........................................................................................... ~ 0s
  2026-02-19 05:34:37 ........................................................................................... ~ 1s
  2026-02-19 05:34:38 ........................................................................................... ~ 0s
  2026-02-19 05:34:38 ........................................................................................... ~ 1s
  2026-02-19 05:34:37 /storage/site-settings/favicon_1770993749.png ............................................. ~ 2s
  2026-02-19 05:34:38 /storage/features-section/asGkikEHZXYIaV7d5cuAc95coqWP36C57MRAQNnR.png .................... ~ 1s
  2026-02-19 05:34:39 /storage/features-section/O6sbVsbg4PaQbmhCBTRo5Y6o1L2f9fn5gGDVA4zx.jpg .................... ~ 0s
  2026-02-19 05:34:39 ........................................................................................... ~ 1s
  2026-02-19 05:34:40 ........................................................................................... ~ 0s
  2026-02-19 05:34:40 ........................................................................................... ~ 1s
  2026-02-19 05:34:41 ........................................................................................... ~ 0s
  2026-02-19 05:34:42 ........................................................................................... ~ 0s
  2026-02-19 05:34:42 ........................................................................................... ~ 1s
  2026-02-19 05:34:43 ........................................................................................... ~ 0s
  2026-02-19 05:34:43 ........................................................................................... ~ 1s
  2026-02-19 05:34:44 ........................................................................................... ~ 1s
